// Jest Snapshot v1, https://goo.gl/fbAQLP

exports[`connectRatingMenu getWidgetState should add an entry equal to the refinement 1`] = `
Object {
  "ratingMenu": Object {
    "grade": 3,
  },
}
`;
